mode: atomic
github.com/weaveclip/server/internal/config/config.go:64.40,67.16 3 0
github.com/weaveclip/server/internal/config/config.go:67.16,69.3 1 0
github.com/weaveclip/server/internal/config/config.go:71.2,72.51 2 0
github.com/weaveclip/server/internal/config/config.go:72.51,74.3 1 0
github.com/weaveclip/server/internal/config/config.go:77.2,79.18 2 0
github.com/weaveclip/server/internal/config/config.go:82.35,83.44 1 0
github.com/weaveclip/server/internal/config/config.go:83.44,85.3 1 0
github.com/weaveclip/server/internal/config/config.go:86.2,86.55 1 0
github.com/weaveclip/server/internal/config/config.go:86.55,87.50 1 0
github.com/weaveclip/server/internal/config/config.go:87.50,89.4 1 0
github.com/weaveclip/server/internal/config/config.go:91.2,91.46 1 0
github.com/weaveclip/server/internal/config/config.go:91.46,93.3 1 0
github.com/weaveclip/server/internal/config/config.go:94.2,94.50 1 0
github.com/weaveclip/server/internal/config/config.go:94.50,96.3 1 0
github.com/weaveclip/server/internal/config/config.go:97.2,97.43 1 0
github.com/weaveclip/server/internal/config/config.go:97.43,99.3 1 0
github.com/weaveclip/server/internal/config/config.go:100.2,100.43 1 0
github.com/weaveclip/server/internal/config/config.go:100.43,102.3 1 0
github.com/weaveclip/server/internal/config/config.go:103.2,103.43 1 0
github.com/weaveclip/server/internal/config/config.go:103.43,104.50 1 0
github.com/weaveclip/server/internal/config/config.go:104.50,106.4 1 0
github.com/weaveclip/server/internal/config/config.go:108.2,108.47 1 0
github.com/weaveclip/server/internal/config/config.go:108.47,110.3 1 0
github.com/weaveclip/server/internal/config/config.go:111.2,111.53 1 0
github.com/weaveclip/server/internal/config/config.go:111.53,113.42 2 0
github.com/weaveclip/server/internal/config/config.go:113.42,115.4 1 0
github.com/weaveclip/server/internal/config/config.go:120.31,126.2 1 0
github.com/weaveclip/server/internal/config/env.go:12.33,14.16 2 0
github.com/weaveclip/server/internal/config/env.go:14.16,15.25 1 0
github.com/weaveclip/server/internal/config/env.go:15.25,17.4 1 0
github.com/weaveclip/server/internal/config/env.go:18.3,18.13 1 0
github.com/weaveclip/server/internal/config/env.go:20.2,23.15 3 0
github.com/weaveclip/server/internal/config/env.go:23.15,25.49 2 0
github.com/weaveclip/server/internal/config/env.go:25.49,26.12 1 0
github.com/weaveclip/server/internal/config/env.go:28.3,29.22 2 0
github.com/weaveclip/server/internal/config/env.go:29.22,30.12 1 0
github.com/weaveclip/server/internal/config/env.go:32.3,34.46 3 0
github.com/weaveclip/server/internal/config/env.go:34.46,36.4 1 0
github.com/weaveclip/server/internal/config/env.go:38.2,38.16 1 0
github.com/weaveclip/server/internal/config/env.go:42.33,44.13 2 0
github.com/weaveclip/server/internal/config/env.go:44.13,45.58 1 0
github.com/weaveclip/server/internal/config/env.go:47.2,47.10 1 0
github.com/weaveclip/server/internal/database/database.go:21.52,22.18 1 0
github.com/weaveclip/server/internal/database/database.go:22.18,25.3 2 0
github.com/weaveclip/server/internal/database/database.go:27.2,30.16 2 0
github.com/weaveclip/server/internal/database/database.go:30.16,32.3 1 0
github.com/weaveclip/server/internal/database/database.go:34.2,35.16 2 0
github.com/weaveclip/server/internal/database/database.go:35.16,39.3 3 0
github.com/weaveclip/server/internal/database/database.go:42.2,42.42 1 0
github.com/weaveclip/server/internal/database/database.go:42.42,44.3 1 0
github.com/weaveclip/server/internal/database/database.go:46.2,47.16 2 0
github.com/weaveclip/server/internal/database/database.go:50.39,52.16 2 0
github.com/weaveclip/server/internal/database/database.go:52.16,54.3 1 0
github.com/weaveclip/server/internal/database/database.go:55.2,56.58 2 0
github.com/weaveclip/server/internal/database/database.go:56.58,59.3 2 0
github.com/weaveclip/server/internal/database/database.go:60.2,60.60 1 0
github.com/weaveclip/server/internal/database/database.go:60.60,62.3 1 0
github.com/weaveclip/server/internal/database/database.go:63.2,63.12 1 0
github.com/weaveclip/server/internal/database/database.go:67.47,69.16 2 0
github.com/weaveclip/server/internal/database/database.go:69.16,73.3 3 0
github.com/weaveclip/server/internal/database/database.go:74.2,74.11 1 0
github.com/weaveclip/server/internal/database/database.go:77.24,79.2 1 0
github.com/weaveclip/server/internal/database/database.go:82.24,84.2 1 0
github.com/weaveclip/server/internal/database/database.go:87.37,94.2 2 0
github.com/weaveclip/server/internal/middleware/auth.go:12.29,13.30 1 4
github.com/weaveclip/server/internal/middleware/auth.go:13.30,15.23 2 4
github.com/weaveclip/server/internal/middleware/auth.go:15.23,18.4 2 1
github.com/weaveclip/server/internal/middleware/auth.go:19.3,20.64 2 3
github.com/weaveclip/server/internal/middleware/auth.go:20.64,23.4 2 1
github.com/weaveclip/server/internal/middleware/auth.go:24.3,26.17 3 2
github.com/weaveclip/server/internal/middleware/auth.go:26.17,29.4 2 1
github.com/weaveclip/server/internal/middleware/auth.go:30.3,31.11 2 1
github.com/weaveclip/server/internal/middleware/auth.go:36.36,37.30 1 3
github.com/weaveclip/server/internal/middleware/auth.go:37.30,39.18 2 3
github.com/weaveclip/server/internal/middleware/auth.go:39.18,42.4 2 1
github.com/weaveclip/server/internal/middleware/auth.go:43.3,44.17 2 2
github.com/weaveclip/server/internal/middleware/auth.go:44.17,47.4 2 1
github.com/weaveclip/server/internal/middleware/auth.go:48.3,49.11 2 1
github.com/weaveclip/server/internal/middleware/auth.go:53.52,56.15 3 5
github.com/weaveclip/server/internal/middleware/auth.go:56.15,58.3 1 5
github.com/weaveclip/server/internal/middleware/auth.go:59.2,65.11 2 5
github.com/weaveclip/server/internal/middleware/cors.go:8.45,10.44 2 3
github.com/weaveclip/server/internal/middleware/cors.go:10.44,11.15 1 3
github.com/weaveclip/server/internal/middleware/cors.go:11.15,13.4 1 1
github.com/weaveclip/server/internal/middleware/cors.go:14.3,14.29 1 2
github.com/weaveclip/server/internal/middleware/cors.go:14.29,15.19 1 2
github.com/weaveclip/server/internal/middleware/cors.go:15.19,17.5 1 1
github.com/weaveclip/server/internal/middleware/cors.go:19.3,19.12 1 1
github.com/weaveclip/server/internal/middleware/cors.go:21.2,21.30 1 3
github.com/weaveclip/server/internal/middleware/cors.go:21.30,25.20 3 3
github.com/weaveclip/server/internal/middleware/cors.go:25.20,27.4 1 2
github.com/weaveclip/server/internal/middleware/cors.go:28.3,31.21 3 3
github.com/weaveclip/server/internal/middleware/cors.go:31.21,33.4 1 2
github.com/weaveclip/server/internal/middleware/cors.go:34.3,36.36 2 3
github.com/weaveclip/server/internal/middleware/cors.go:36.36,39.4 2 2
github.com/weaveclip/server/internal/middleware/cors.go:41.3,41.11 1 1
github.com/weaveclip/server/internal/middleware/jwt.go:14.51,17.2 2 2
github.com/weaveclip/server/internal/middleware/jwt.go:19.47,20.25 1 0
github.com/weaveclip/server/internal/middleware/jwt.go:20.25,22.3 1 0
github.com/weaveclip/server/internal/middleware/jwt.go:23.2,23.20 1 0
github.com/weaveclip/server/internal/middleware/jwt.go:23.20,25.3 1 0
github.com/weaveclip/server/internal/middleware/jwt.go:35.49,36.25 1 2
github.com/weaveclip/server/internal/middleware/jwt.go:36.25,38.3 1 0
github.com/weaveclip/server/internal/middleware/jwt.go:39.2,48.38 3 2
github.com/weaveclip/server/internal/middleware/jwt.go:52.51,53.25 1 4
github.com/weaveclip/server/internal/middleware/jwt.go:53.25,55.3 1 0
github.com/weaveclip/server/internal/middleware/jwt.go:56.2,56.104 1 4
github.com/weaveclip/server/internal/middleware/jwt.go:56.104,58.3 1 2
github.com/weaveclip/server/internal/middleware/jwt.go:59.2,59.16 1 4
github.com/weaveclip/server/internal/middleware/jwt.go:59.16,61.3 1 2
github.com/weaveclip/server/internal/middleware/jwt.go:62.2,62.61 1 2
github.com/weaveclip/server/internal/middleware/jwt.go:62.61,64.3 1 2
github.com/weaveclip/server/internal/middleware/jwt.go:65.2,65.39 1 0
github.com/weaveclip/server/internal/middleware/logger.go:11.31,12.30 1 0
github.com/weaveclip/server/internal/middleware/logger.go:12.30,29.18 8 0
github.com/weaveclip/server/internal/middleware/logger.go:29.18,31.4 1 0
github.com/weaveclip/server/internal/middleware/logger.go:32.3,32.24 1 0
github.com/weaveclip/server/internal/middleware/logger.go:32.24,34.4 1 0
github.com/weaveclip/server/internal/middleware/logger.go:36.3,36.10 1 0
github.com/weaveclip/server/internal/middleware/logger.go:37.22,38.35 1 0
github.com/weaveclip/server/internal/middleware/logger.go:39.22,40.34 1 0
github.com/weaveclip/server/internal/middleware/logger.go:41.11,42.34 1 0
github.com/weaveclip/server/internal/middleware/recover.go:11.32,12.30 1 0
github.com/weaveclip/server/internal/middleware/recover.go:12.30,13.16 1 0
github.com/weaveclip/server/internal/middleware/recover.go:13.16,14.32 1 0
github.com/weaveclip/server/internal/middleware/recover.go:14.32,17.18 3 0
github.com/weaveclip/server/internal/middleware/recover.go:17.18,19.6 1 0
github.com/weaveclip/server/internal/middleware/recover.go:20.5,28.14 4 0
github.com/weaveclip/server/internal/middleware/recover.go:31.3,31.11 1 0
github.com/weaveclip/server/internal/middleware/request_id.go:12.34,13.30 1 0
github.com/weaveclip/server/internal/middleware/request_id.go:13.30,15.16 2 0
github.com/weaveclip/server/internal/middleware/request_id.go:15.16,17.44 2 0
github.com/weaveclip/server/internal/middleware/request_id.go:17.44,19.5 1 0
github.com/weaveclip/server/internal/middleware/request_id.go:19.10,21.5 1 0
github.com/weaveclip/server/internal/middleware/request_id.go:23.3,25.11 3 0
github.com/weaveclip/server/internal/middleware/security.go:8.33,9.30 1 0
github.com/weaveclip/server/internal/middleware/security.go:9.30,15.3 5 0
github.com/weaveclip/server/internal/testutil/gin.go:12.78,17.2 4 0
github.com/weaveclip/server/internal/testutil/gin.go:20.74,26.2 5 0
github.com/weaveclip/server/internal/testutil/gin.go:29.81,31.24 2 0
github.com/weaveclip/server/internal/testutil/gin.go:31.24,33.3 1 0
github.com/weaveclip/server/internal/testutil/gin.go:37.71,40.16 2 0
github.com/weaveclip/server/internal/testutil/gin.go:40.16,42.3 1 0
github.com/weaveclip/server/internal/testutil/gin.go:46.58,49.16 3 0
github.com/weaveclip/server/internal/testutil/gin.go:49.16,51.3 1 0
github.com/weaveclip/server/internal/testutil/gin.go:52.2,52.14 1 0
github.com/weaveclip/server/internal/repository/asset_repo.go:21.52,23.2 1 0
github.com/weaveclip/server/internal/repository/asset_repo.go:25.78,27.109 2 0
github.com/weaveclip/server/internal/repository/asset_repo.go:27.109,29.3 1 0
github.com/weaveclip/server/internal/repository/asset_repo.go:30.2,30.20 1 0
github.com/weaveclip/server/internal/repository/asset_repo.go:33.60,35.53 2 0
github.com/weaveclip/server/internal/repository/asset_repo.go:35.53,37.3 1 0
github.com/weaveclip/server/internal/repository/asset_repo.go:38.2,38.20 1 0
github.com/weaveclip/server/internal/repository/asset_repo.go:41.58,43.2 1 0
github.com/weaveclip/server/internal/repository/asset_repo.go:45.47,47.2 1 0
github.com/weaveclip/server/internal/repository/asset_repo.go:54.62,56.2 1 0
github.com/weaveclip/server/internal/repository/asset_repo.go:58.78,62.29 4 0
github.com/weaveclip/server/internal/repository/asset_repo.go:62.29,63.31 1 0
github.com/weaveclip/server/internal/repository/asset_repo.go:63.31,65.4 1 0
github.com/weaveclip/server/internal/repository/asset_repo.go:67.2,67.20 1 0
github.com/weaveclip/server/internal/repository/asset_repo.go:70.60,73.29 3 0
github.com/weaveclip/server/internal/repository/asset_repo.go:73.29,74.17 1 0
github.com/weaveclip/server/internal/repository/asset_repo.go:74.17,77.4 2 0
github.com/weaveclip/server/internal/repository/asset_repo.go:79.2,79.36 1 0
github.com/weaveclip/server/internal/repository/asset_repo.go:82.58,88.2 5 0
github.com/weaveclip/server/internal/repository/asset_repo.go:90.47,93.29 3 0
github.com/weaveclip/server/internal/repository/asset_repo.go:93.29,94.17 1 0
github.com/weaveclip/server/internal/repository/asset_repo.go:94.17,97.4 2 0
github.com/weaveclip/server/internal/repository/asset_repo.go:99.2,99.31 1 0
github.com/weaveclip/server/internal/service/asset_service.go:22.91,24.2 1 0
github.com/weaveclip/server/internal/service/asset_service.go:27.82,28.64 1 0
github.com/weaveclip/server/internal/service/asset_service.go:28.64,30.3 1 0
github.com/weaveclip/server/internal/service/asset_service.go:31.2,31.42 1 0
github.com/weaveclip/server/internal/service/asset_service.go:35.102,36.64 1 0
github.com/weaveclip/server/internal/service/asset_service.go:36.64,38.3 1 0
github.com/weaveclip/server/internal/service/asset_service.go:39.2,40.47 2 0
github.com/weaveclip/server/internal/service/asset_service.go:40.47,42.3 1 0
github.com/weaveclip/server/internal/service/asset_service.go:43.2,43.19 1 0
github.com/weaveclip/server/internal/service/asset_service.go:47.77,49.16 2 0
github.com/weaveclip/server/internal/service/asset_service.go:49.16,51.3 1 0
github.com/weaveclip/server/internal/service/asset_service.go:52.2,52.70 1 0
github.com/weaveclip/server/internal/service/asset_service.go:52.70,54.3 1 0
github.com/weaveclip/server/internal/service/asset_service.go:55.2,55.19 1 0
github.com/weaveclip/server/internal/service/asset_service.go:59.64,61.16 2 0
github.com/weaveclip/server/internal/service/asset_service.go:61.16,63.3 1 0
github.com/weaveclip/server/internal/service/asset_service.go:64.2,64.70 1 0
github.com/weaveclip/server/internal/service/asset_service.go:64.70,66.3 1 0
github.com/weaveclip/server/internal/service/asset_service.go:67.2,67.49 1 0
github.com/weaveclip/server/internal/service/asset_service.go:67.49,69.3 1 0
github.com/weaveclip/server/internal/service/asset_service.go:70.2,70.12 1 0
github.com/weaveclip/server/internal/service/auth.go:15.66,16.36 1 0
github.com/weaveclip/server/internal/service/auth.go:16.36,18.3 1 0
github.com/weaveclip/server/internal/service/auth.go:19.2,19.23 1 0
github.com/weaveclip/server/internal/service/auth.go:19.23,21.3 1 0
github.com/weaveclip/server/internal/service/auth.go:22.2,22.35 1 0
github.com/weaveclip/server/internal/service/auth.go:22.35,24.3 1 0
github.com/weaveclip/server/internal/service/auth.go:25.2,25.12 1 0
github.com/weaveclip/server/internal/service/auth.go:31.52,33.16 2 0
github.com/weaveclip/server/internal/service/auth.go:33.16,35.3 1 0
github.com/weaveclip/server/internal/service/auth.go:36.2,36.26 1 0
github.com/weaveclip/server/internal/service/auth.go:40.51,42.2 1 0
github.com/weaveclip/server/internal/service/auth.go:50.56,52.2 1 0
github.com/weaveclip/server/internal/service/auth.go:55.83,56.71 1 0
github.com/weaveclip/server/internal/service/auth.go:56.71,58.3 1 0
github.com/weaveclip/server/internal/service/auth.go:59.2,60.21 2 0
github.com/weaveclip/server/internal/service/auth.go:60.21,62.3 1 0
github.com/weaveclip/server/internal/service/auth.go:63.2,64.16 2 0
github.com/weaveclip/server/internal/service/auth.go:64.16,66.3 1 0
github.com/weaveclip/server/internal/service/auth.go:67.2,72.45 2 0
github.com/weaveclip/server/internal/service/auth.go:72.45,74.3 1 0
github.com/weaveclip/server/internal/service/auth.go:75.2,75.18 1 0
github.com/weaveclip/server/internal/service/auth.go:79.74,81.16 2 0
github.com/weaveclip/server/internal/service/auth.go:81.16,83.3 1 0
github.com/weaveclip/server/internal/service/auth.go:84.2,84.17 1 0
github.com/weaveclip/server/internal/service/auth.go:84.17,86.3 1 0
github.com/weaveclip/server/internal/service/auth.go:87.2,87.69 1 0
github.com/weaveclip/server/internal/service/auth.go:87.69,89.3 1 0
github.com/weaveclip/server/internal/service/auth.go:90.2,90.18 1 0
github.com/weaveclip/server/internal/service/auth.go:94.65,96.2 1 0
github.com/weaveclip/server/internal/service/gorm_user_repo.go:15.49,17.2 1 0
github.com/weaveclip/server/internal/service/gorm_user_repo.go:20.70,23.16 3 0
github.com/weaveclip/server/internal/service/gorm_user_repo.go:23.16,24.36 1 0
github.com/weaveclip/server/internal/service/gorm_user_repo.go:24.36,26.4 1 0
github.com/weaveclip/server/internal/service/gorm_user_repo.go:27.3,27.18 1 0
github.com/weaveclip/server/internal/service/gorm_user_repo.go:29.2,29.19 1 0
github.com/weaveclip/server/internal/service/gorm_user_repo.go:33.55,35.2 1 0
github.com/weaveclip/server/internal/service/gorm_user_repo.go:38.62,41.16 3 0
github.com/weaveclip/server/internal/service/gorm_user_repo.go:41.16,42.36 1 0
github.com/weaveclip/server/internal/service/gorm_user_repo.go:42.36,44.4 1 0
github.com/weaveclip/server/internal/service/gorm_user_repo.go:45.3,45.18 1 0
github.com/weaveclip/server/internal/service/gorm_user_repo.go:47.2,47.19 1 0
github.com/weaveclip/server/internal/service/mock_user_repo.go:15.38,17.2 1 0
github.com/weaveclip/server/internal/service/mock_user_repo.go:19.70,22.28 3 0
github.com/weaveclip/server/internal/service/mock_user_repo.go:22.28,23.23 1 0
github.com/weaveclip/server/internal/service/mock_user_repo.go:23.23,25.4 1 0
github.com/weaveclip/server/internal/service/mock_user_repo.go:27.2,27.17 1 0
github.com/weaveclip/server/internal/service/mock_user_repo.go:30.55,36.2 5 0
github.com/weaveclip/server/internal/service/mock_user_repo.go:38.62,41.28 3 0
github.com/weaveclip/server/internal/service/mock_user_repo.go:41.28,42.17 1 0
github.com/weaveclip/server/internal/service/mock_user_repo.go:42.17,44.4 1 0
github.com/weaveclip/server/internal/service/mock_user_repo.go:46.2,46.17 1 0
github.com/weaveclip/server/internal/handler/asset_handler.go:19.72,21.2 1 1
github.com/weaveclip/server/internal/handler/asset_handler.go:37.45,39.16 2 1
github.com/weaveclip/server/internal/handler/asset_handler.go:39.16,42.3 2 0
github.com/weaveclip/server/internal/handler/asset_handler.go:43.2,47.16 4 1
github.com/weaveclip/server/internal/handler/asset_handler.go:47.16,50.3 2 0
github.com/weaveclip/server/internal/handler/asset_handler.go:51.2,51.32 1 1
github.com/weaveclip/server/internal/handler/asset_handler.go:55.47,57.16 2 1
github.com/weaveclip/server/internal/handler/asset_handler.go:57.16,60.3 2 0
github.com/weaveclip/server/internal/handler/asset_handler.go:61.2,62.47 2 1
github.com/weaveclip/server/internal/handler/asset_handler.go:62.47,65.3 2 0
github.com/weaveclip/server/internal/handler/asset_handler.go:67.2,83.16 5 1
github.com/weaveclip/server/internal/handler/asset_handler.go:83.16,84.41 1 0
github.com/weaveclip/server/internal/handler/asset_handler.go:84.41,87.4 2 0
github.com/weaveclip/server/internal/handler/asset_handler.go:88.3,89.9 2 0
github.com/weaveclip/server/internal/handler/asset_handler.go:91.2,91.37 1 1
github.com/weaveclip/server/internal/handler/asset_handler.go:95.44,97.16 2 2
github.com/weaveclip/server/internal/handler/asset_handler.go:97.16,100.3 2 0
github.com/weaveclip/server/internal/handler/asset_handler.go:101.2,105.16 4 2
github.com/weaveclip/server/internal/handler/asset_handler.go:105.16,108.3 2 1
github.com/weaveclip/server/internal/handler/asset_handler.go:109.2,109.30 1 1
github.com/weaveclip/server/internal/handler/asset_handler.go:113.47,115.16 2 1
github.com/weaveclip/server/internal/handler/asset_handler.go:115.16,118.3 2 0
github.com/weaveclip/server/internal/handler/asset_handler.go:119.2,122.66 3 1
github.com/weaveclip/server/internal/handler/asset_handler.go:122.66,123.39 1 0
github.com/weaveclip/server/internal/handler/asset_handler.go:123.39,126.4 2 0
github.com/weaveclip/server/internal/handler/asset_handler.go:127.3,128.9 2 0
github.com/weaveclip/server/internal/handler/asset_handler.go:130.2,130.39 1 1
github.com/weaveclip/server/internal/handler/asset_handler.go:134.33,150.2 2 0
github.com/weaveclip/server/internal/handler/auth_handler.go:18.68,20.2 1 3
github.com/weaveclip/server/internal/handler/auth_handler.go:23.48,29.47 2 6
github.com/weaveclip/server/internal/handler/auth_handler.go:29.47,32.3 2 0
github.com/weaveclip/server/internal/handler/auth_handler.go:33.2,34.16 2 6
github.com/weaveclip/server/internal/handler/auth_handler.go:34.16,37.3 2 3
github.com/weaveclip/server/internal/handler/auth_handler.go:38.2,38.49 1 3
github.com/weaveclip/server/internal/handler/auth_handler.go:42.45,47.47 2 3
github.com/weaveclip/server/internal/handler/auth_handler.go:47.47,50.3 2 0
github.com/weaveclip/server/internal/handler/auth_handler.go:51.2,52.16 2 3
github.com/weaveclip/server/internal/handler/auth_handler.go:52.16,55.3 2 1
github.com/weaveclip/server/internal/handler/auth_handler.go:56.2,57.16 2 2
github.com/weaveclip/server/internal/handler/auth_handler.go:57.16,60.3 2 0
github.com/weaveclip/server/internal/handler/auth_handler.go:61.2,61.60 1 2
github.com/weaveclip/server/internal/handler/auth_handler.go:65.42,67.13 2 2
github.com/weaveclip/server/internal/handler/auth_handler.go:67.13,70.3 2 1
github.com/weaveclip/server/internal/handler/auth_handler.go:71.2,73.16 3 1
github.com/weaveclip/server/internal/handler/auth_handler.go:73.16,76.3 2 0
github.com/weaveclip/server/internal/handler/auth_handler.go:77.2,77.17 1 1
github.com/weaveclip/server/internal/handler/auth_handler.go:77.17,80.3 2 0
github.com/weaveclip/server/internal/handler/auth_handler.go:81.2,81.44 1 1
github.com/weaveclip/server/internal/handler/health_handler.go:12.40,14.2 1 1
github.com/weaveclip/server/internal/handler/health_handler.go:17.47,22.31 2 2
github.com/weaveclip/server/internal/handler/health_handler.go:22.31,31.3 2 1
github.com/weaveclip/server/internal/handler/health_handler.go:32.2,32.29 1 1
github.com/weaveclip/server/internal/handler/project_handler.go:23.53,25.2 1 8
github.com/weaveclip/server/internal/handler/project_handler.go:32.29,34.2 1 7
github.com/weaveclip/server/internal/handler/project_handler.go:36.54,38.17 2 6
github.com/weaveclip/server/internal/handler/project_handler.go:38.17,40.3 1 0
github.com/weaveclip/server/internal/handler/project_handler.go:41.2,42.37 2 6
github.com/weaveclip/server/internal/handler/project_handler.go:42.37,43.25 1 18
github.com/weaveclip/server/internal/handler/project_handler.go:43.25,45.4 1 15
github.com/weaveclip/server/internal/handler/project_handler.go:47.2,47.15 1 6
github.com/weaveclip/server/internal/handler/project_handler.go:50.44,53.2 2 1
github.com/weaveclip/server/internal/handler/project_handler.go:56.37,59.2 2 8
github.com/weaveclip/server/internal/handler/project_handler.go:61.51,63.2 1 0
github.com/weaveclip/server/internal/handler/project_handler.go:65.61,67.2 1 0
github.com/weaveclip/server/internal/handler/project_handler.go:77.47,81.17 3 2
github.com/weaveclip/server/internal/handler/project_handler.go:81.17,85.3 3 2
github.com/weaveclip/server/internal/handler/project_handler.go:87.2,88.102 2 0
github.com/weaveclip/server/internal/handler/project_handler.go:88.102,91.3 2 0
github.com/weaveclip/server/internal/handler/project_handler.go:92.2,92.36 1 0
github.com/weaveclip/server/internal/handler/project_handler.go:96.49,98.47 2 2
github.com/weaveclip/server/internal/handler/project_handler.go:98.47,101.3 2 1
github.com/weaveclip/server/internal/handler/project_handler.go:103.2,113.25 4 1
github.com/weaveclip/server/internal/handler/project_handler.go:113.25,115.3 1 1
github.com/weaveclip/server/internal/handler/project_handler.go:117.2,117.17 1 1
github.com/weaveclip/server/internal/handler/project_handler.go:117.17,122.3 4 1
github.com/weaveclip/server/internal/handler/project_handler.go:124.2,124.52 1 0
github.com/weaveclip/server/internal/handler/project_handler.go:124.52,127.3 2 0
github.com/weaveclip/server/internal/handler/project_handler.go:128.2,128.39 1 0
github.com/weaveclip/server/internal/handler/project_handler.go:132.46,134.16 2 2
github.com/weaveclip/server/internal/handler/project_handler.go:134.16,137.3 2 0
github.com/weaveclip/server/internal/handler/project_handler.go:139.2,142.17 3 2
github.com/weaveclip/server/internal/handler/project_handler.go:142.17,143.45 1 2
github.com/weaveclip/server/internal/handler/project_handler.go:143.45,144.26 1 4
github.com/weaveclip/server/internal/handler/project_handler.go:144.26,147.5 2 1
github.com/weaveclip/server/internal/handler/project_handler.go:149.3,150.9 2 1
github.com/weaveclip/server/internal/handler/project_handler.go:153.2,154.55 2 0
github.com/weaveclip/server/internal/handler/project_handler.go:154.55,157.3 2 0
github.com/weaveclip/server/internal/handler/project_handler.go:158.2,158.27 1 0
github.com/weaveclip/server/internal/handler/project_handler.go:158.27,161.3 2 0
github.com/weaveclip/server/internal/handler/project_handler.go:162.2,162.34 1 0
github.com/weaveclip/server/internal/handler/project_handler.go:166.49,168.16 2 2
github.com/weaveclip/server/internal/handler/project_handler.go:168.16,171.3 2 0
github.com/weaveclip/server/internal/handler/project_handler.go:173.2,176.17 3 2
github.com/weaveclip/server/internal/handler/project_handler.go:176.17,178.45 2 2
github.com/weaveclip/server/internal/handler/project_handler.go:178.45,179.26 1 4
github.com/weaveclip/server/internal/handler/project_handler.go:179.26,181.10 2 1
github.com/weaveclip/server/internal/handler/project_handler.go:184.3,184.13 1 2
github.com/weaveclip/server/internal/handler/project_handler.go:184.13,187.4 2 1
github.com/weaveclip/server/internal/handler/project_handler.go:188.3,189.9 2 1
github.com/weaveclip/server/internal/handler/project_handler.go:192.2,193.55 2 0
github.com/weaveclip/server/internal/handler/project_handler.go:193.55,196.3 2 0
github.com/weaveclip/server/internal/handler/project_handler.go:197.2,197.27 1 0
github.com/weaveclip/server/internal/handler/project_handler.go:197.27,200.3 2 0
github.com/weaveclip/server/internal/handler/project_handler.go:201.2,201.64 1 0
github.com/weaveclip/server/internal/handler/project_handler.go:201.64,204.3 2 0
github.com/weaveclip/server/internal/handler/project_handler.go:205.2,205.32 1 0
github.com/weaveclip/server/internal/handler/project_handler.go:208.44,209.13 1 2
github.com/weaveclip/server/internal/handler/project_handler.go:209.13,211.3 1 0
github.com/weaveclip/server/internal/handler/project_handler.go:212.2,212.10 1 2
github.com/weaveclip/server/internal/handler/project_handler.go:216.78,217.17 1 0
github.com/weaveclip/server/internal/handler/project_handler.go:217.17,218.48 1 0
github.com/weaveclip/server/internal/handler/project_handler.go:218.48,219.18 1 0
github.com/weaveclip/server/internal/handler/project_handler.go:219.18,222.5 2 0
github.com/weaveclip/server/internal/handler/project_handler.go:224.3,224.46 1 0
github.com/weaveclip/server/internal/handler/project_handler.go:226.2,227.55 2 0
github.com/weaveclip/server/internal/handler/project_handler.go:227.55,229.3 1 0
github.com/weaveclip/server/internal/handler/project_handler.go:230.2,230.30 1 0
github.com/weaveclip/server/internal/handler/project_handler.go:230.30,232.3 1 0
github.com/weaveclip/server/internal/handler/project_handler.go:233.2,233.22 1 0
github.com/weaveclip/server/internal/handler/response.go:10.35,12.2 1 5
github.com/weaveclip/server/internal/handler/response.go:15.40,17.2 1 2
github.com/weaveclip/server/internal/handler/response.go:20.60,23.15 3 9
github.com/weaveclip/server/internal/handler/response.go:23.15,25.3 1 9
github.com/weaveclip/server/internal/handler/response.go:26.2,31.4 1 9
github.com/weaveclip/server/internal/handler/response.go:34.49,36.2 1 4
github.com/weaveclip/server/internal/handler/response.go:38.51,40.2 1 2
github.com/weaveclip/server/internal/handler/response.go:42.47,44.2 1 3
github.com/weaveclip/server/internal/handler/response.go:46.47,48.2 1 0
github.com/weaveclip/server/internal/handler/response.go:50.52,52.2 1 0
github.com/weaveclip/server/internal/handler/test_helpers.go:22.40,22.62 1 0
github.com/weaveclip/server/internal/handler/test_helpers.go:29.38,31.2 1 4
github.com/weaveclip/server/internal/handler/test_helpers.go:33.70,35.9 2 7
github.com/weaveclip/server/internal/handler/test_helpers.go:35.9,37.3 1 3
github.com/weaveclip/server/internal/handler/test_helpers.go:38.2,38.15 1 4
github.com/weaveclip/server/internal/handler/test_helpers.go:41.55,44.2 2 4
github.com/weaveclip/server/internal/handler/test_helpers.go:46.62,47.28 1 1
github.com/weaveclip/server/internal/handler/test_helpers.go:47.28,48.17 1 1
github.com/weaveclip/server/internal/handler/test_helpers.go:48.17,50.4 1 1
github.com/weaveclip/server/internal/handler/test_helpers.go:52.2,52.17 1 0
github.com/weaveclip/server/internal/handler/test_helpers.go:60.67,62.2 1 0
github.com/weaveclip/server/internal/handler/test_helpers.go:64.76,66.31 2 0
github.com/weaveclip/server/internal/handler/test_helpers.go:66.31,67.25 1 0
github.com/weaveclip/server/internal/handler/test_helpers.go:67.25,69.4 1 0
github.com/weaveclip/server/internal/handler/test_helpers.go:71.2,71.20 1 0
github.com/weaveclip/server/internal/handler/test_helpers.go:74.72,75.28 1 0
github.com/weaveclip/server/internal/handler/test_helpers.go:75.28,76.63 1 0
github.com/weaveclip/server/internal/handler/test_helpers.go:76.63,78.4 1 0
github.com/weaveclip/server/internal/handler/test_helpers.go:80.2,80.25 1 0
github.com/weaveclip/server/internal/handler/test_helpers.go:83.64,87.2 3 0
github.com/weaveclip/server/internal/handler/test_helpers.go:89.57,90.28 1 0
github.com/weaveclip/server/internal/handler/test_helpers.go:90.28,91.63 1 0
github.com/weaveclip/server/internal/handler/test_helpers.go:91.63,94.4 2 0
github.com/weaveclip/server/internal/handler/test_helpers.go:96.2,96.20 1 0
github.com/weaveclip/server/internal/handler/test_helpers.go:99.43,105.2 5 3
github.com/weaveclip/server/internal/handler/test_helpers.go:107.49,110.2 2 8
github.com/weaveclip/server/internal/handler/test_helpers.go:112.76,115.17 3 12
github.com/weaveclip/server/internal/handler/test_helpers.go:115.17,117.3 1 12
github.com/weaveclip/server/internal/handler/test_helpers.go:118.2,120.12 3 12
github.com/weaveclip/server/internal/handler/test_helpers.go:123.91,128.2 4 0
github.com/weaveclip/server/internal/handler/test_helpers.go:130.73,133.64 3 0
github.com/weaveclip/server/internal/handler/test_helpers.go:133.64,135.3 1 0
github.com/weaveclip/server/internal/handler/test_helpers.go:136.2,136.15 1 0
github.com/weaveclip/server/internal/handler/test_helpers.go:140.34,158.2 1 0
